# FINI: end of program
Dynamic Instruction Count = 96980, Dyn BBL Count = 11216
<DynInsCount> 96980
<BBLCount> 11216
<TotInsCount> 96980
<IntCount> 38724
<IntMulCount> 26
<IntDivCount> 93
<FPCount> 0
<FPMulCount> 0
<FPDivCount> 0
<LdCount> 24213
<StCount> 12491
<Br/CallCount> 18903
<CondBrCount> 16752
<OtherCount> 32696
<SysCallCount> 40

# END_DYNAMIC_STATS